Starting job 69728 on c1-6 at Fri Oct 11 12:53:47 CEST 2019


The following have been reloaded with a version change:
  1) GCCcore/7.3.0 => GCCcore/8.2.0
  2) binutils/2.30-GCCcore-7.3.0 => binutils/2.31.1-GCCcore-8.2.0
  3) icc/2018.3.222-GCC-7.3.0-2.30 => icc/2019.1.144-GCC-8.2.0-2.31.1
  4) iccifort/2018.3.222-GCC-7.3.0-2.30 => iccifort/2019.1.144-GCC-8.2.0-2.31.1
  5) ifort/2018.3.222-GCC-7.3.0-2.30 => ifort/2019.1.144-GCC-8.2.0-2.31.1
  6) iimpi/2018b => iimpi/2019a
  7) imkl/2018.3.222-iimpi-2018b => imkl/2019.1.144-iimpi-2019a
  8) impi/2018.3.222-iccifort-2018.3.222-GCC-7.3.0-2.30 => impi/2018.4.274-iccifort-2019.1.144-GCC-8.2.0-2.31.1
  9) intel/2018b => intel/2019a
 10) zlib/1.2.11-GCCcore-7.3.0 => zlib/1.2.11-GCCcore-8.2.0


The following have been reloaded with a version change:
  1) GCCcore/8.2.0 => GCCcore/7.3.0
  2) binutils/2.31.1-GCCcore-8.2.0 => binutils/2.30-GCCcore-7.3.0
  3) icc/2019.1.144-GCC-8.2.0-2.31.1 => icc/2018.3.222-GCC-7.3.0-2.30
  4) iccifort/2019.1.144-GCC-8.2.0-2.31.1 => iccifort/2018.3.222-GCC-7.3.0-2.30
  5) ifort/2019.1.144-GCC-8.2.0-2.31.1 => ifort/2018.3.222-GCC-7.3.0-2.30
  6) iimpi/2019a => iimpi/2018b
  7) imkl/2019.1.144-iimpi-2019a => imkl/2018.3.222-iimpi-2018b
  8) impi/2018.4.274-iccifort-2019.1.144-GCC-8.2.0-2.31.1 => impi/2018.3.222-iccifort-2018.3.222-GCC-7.3.0-2.30
  9) intel/2019a => intel/2018b
 10) zlib/1.2.11-GCCcore-8.2.0 => zlib/1.2.11-GCCcore-7.3.0

filename: /cluster/home/sigbjobo/SCRIPTING_OCCAM_PARALLEL/test/triton.5
Number of solute molecules: 100
Number of solvent molecules: 10000
Size of box: 10.0 nm
Number of atoms in a solute molecule: 12
Running equilibration simulation
SIMULATION-TIME: 3 SECONDS
IOPC-TIME: 5 SECONDS
SIMULATION-TIME: 59 SECONDS
IOPC-TIME: 7 SECONDS

Task and CPU usage stats:
       JobID    JobName  AllocCPUS   NTasks     MinCPU MinCPUTask     AveCPU    Elapsed ExitCode 
------------ ---------- ---------- -------- ---------- ---------- ---------- ---------- -------- 
69728          JOB_NAME         20                                             00:01:47      0:0 
69728.batch       batch         20        1   00:00:05          0   00:00:05   00:01:47      0:0 
69728.extern     extern         20        1   00:00:00          0   00:00:00   00:01:47      0:0 
69728.0      occamcgmpi         20       20   00:00:00          2   00:00:00   00:00:03      0:0 
69728.1      occamcgmpi         20       20   00:00:29          2   00:00:55   00:00:59      0:0 

Memory usage stats:
       JobID     MaxRSS MaxRSSTask     AveRSS MaxPages   MaxPagesTask   AvePages 
------------ ---------- ---------- ---------- -------- -------------- ---------- 
69728                                                                            
69728.batch       6432K          0      6432K      908              0        908 
69728.extern          0          0          0        0              0          0 
69728.0               0          2          0      123             10         52 
69728.1          25316K          5     23711K       96             10         48 

Disk usage stats:
       JobID  MaxDiskRead MaxDiskReadTask    AveDiskRead MaxDiskWrite MaxDiskWriteTask   AveDiskWrite 
------------ ------------ --------------- -------------- ------------ ---------------- -------------- 
69728                                                                                                 
69728.batch        29.14M               0         29.14M       12.12M                0         12.12M 
69728.extern        0.00M               0          0.00M            0                0              0 
69728.0             0.26M               0          0.24M        0.16M                0          0.14M 
69728.1             0.26M               0          0.26M        0.59M                0          0.53M 

Job 69728 completed at Fri Oct 11 12:55:35 CEST 2019
