Starting job 293726 on c30-[11-12] at Sat Apr 27 13:55:08 CEST 2019

The following modules were not unloaded:
  (Use "module --force purge" to unload all):

  1) StdEnv

The following have been reloaded with a version change:
  1) GCCcore/7.3.0 => GCCcore/6.4.0
  2) binutils/2.30-GCCcore-7.3.0 => binutils/2.28-GCCcore-6.4.0
  3) icc/2018.3.222-GCC-7.3.0-2.30 => icc/2018.1.163-GCC-6.4.0-2.28
  4) iccifort/2018.3.222-GCC-7.3.0-2.30 => iccifort/2018.1.163-GCC-6.4.0-2.28
  5) ifort/2018.3.222-GCC-7.3.0-2.30 => ifort/2018.1.163-GCC-6.4.0-2.28
  6) iimpi/2018b => iimpi/2018a
  7) imkl/2018.3.222-iimpi-2018b => imkl/2018.1.163-iimpi-2018a
  8) impi/2018.3.222-iccifort-2018.3.222-GCC-7.3.0-2.30 => impi/2018.1.163-iccifort-2018.1.163-GCC-6.4.0-2.28
  9) intel/2018b => intel/2018a

filename: /cluster/home/sigbjobo/TEST_JOB/SCRIPTING_OCCAM_PARALLEL/test/triton.5
Number of solute molecules: 100
Number of solvent molecules: 10000
Size of box: 10.0 nm
Number of atoms in a solute molecule: 12
Running equilibration simulation
 ========================================
        * * * I. O. P. C. * * *          
  Input Program for Parallel Occam Code  
  ver. 1.7                               
 ========================================
 
 > insert [1] for input program
 > insert [2] for output program
 > insert [3] for help
 > Insert the total number of molecules: 
 > Insert the total number of particles: 
 > Insert the total number of molecule A: 
 > Insert the number of particles in molecule A: 
 > Insert the total number of molecule B: 
 > Insert the number of particles in molecule B: 
 > Insert the total number of molecule C: 
 > Insert the number of particles in molecule C: 
 > Insert the total number of molecule D: 
 > Insert the number of particles in molecule D: 
 > Velocity read [1] yes, [2] no: 
 > Insert the number of CPU: 
 ----------------------------------------
          16
          16
  > the number of mol. A, B, C and total in every CPU:
            proc         mol.A       mol.B       mol.C     mold.D        total 
 CPU           1           2         156           0           0         158
 CPU           2           2         156           0           0         158
 CPU           3           2         156           0           0         158
 CPU           4           2         156           0           0         158
 CPU           5           2         156           0           0         158
 CPU           6           2         156           0           0         158
 CPU           7           2         156           0           0         158
 CPU           8           2         156           0           0         158
 CPU           9           2         156           0           0         158
 CPU          10           2         156           0           0         158
 CPU          11           2         156           0           0         158
 CPU          12           2         156           0           0         158
 CPU          13           2         156           0           0         158
 CPU          14           2         156           0           0         158
 CPU          15           2         156           0           0         158
 CPU          16           2         156           0           0         158
 CPU          17           2         156           0           0         158
 CPU          18           2         156           0           0         158
 CPU          19           2         156           0           0         158
 CPU          20           2         156           0           0         158
 CPU          21           2         156           0           0         158
 CPU          22           2         156           0           0         158
 CPU          23           2         156           0           0         158
 CPU          24           2         156           0           0         158
 CPU          25           2         156           0           0         158
 CPU          26           2         156           0           0         158
 CPU          27           2         156           0           0         158
 CPU          28           2         156           0           0         158
 CPU          29           2         156           0           0         158
 CPU          30           2         156           0           0         158
 CPU          31           2         156           0           0         158
 CPU          32           2         156           0           0         158
 CPU          33           2         156           0           0         158
 CPU          34           2         156           0           0         158
 CPU          35           2         156           0           0         158
 CPU          36           2         156           0           0         158
 CPU          37           1         156           0           0         157
 CPU          38           1         156           0           0         157
 CPU          39           1         156           0           0         157
 CPU          40           1         156           0           0         157
 CPU          41           1         156           0           0         157
 CPU          42           1         156           0           0         157
 CPU          43           1         156           0           0         157
 CPU          44           1         156           0           0         157
 CPU          45           1         156           0           0         157
 CPU          46           1         156           0           0         157
 CPU          47           1         156           0           0         157
 CPU          48           1         156           0           0         157
 CPU          49           1         157           0           0         158
 CPU          50           1         157           0           0         158
 CPU          51           1         157           0           0         158
 CPU          52           1         157           0           0         158
 CPU          53           1         157           0           0         158
 CPU          54           1         157           0           0         158
 CPU          55           1         157           0           0         158
 CPU          56           1         157           0           0         158
 CPU          57           1         157           0           0         158
 CPU          58           1         157           0           0         158
 CPU          59           1         157           0           0         158
 CPU          60           1         157           0           0         158
 CPU          61           1         157           0           0         158
 CPU          62           1         157           0           0         158
 CPU          63           1         157           0           0         158
 CPU          64           1         157           0           0         158
 ---------------------------------------
 > End Input Program
 process           0 of          64 is alive
 process          39 of          64 is alive
 process          42 of          64 is alive
 process          43 of          64 is alive
 process          50 of          64 is alive
 process          51 of          64 is alive
 process          52 of          64 is alive
 process          55 of          64 is alive
 process          56 of          64 is alive
 process          57 of          64 is alive
 process          58 of          64 is alive
 process          61 of          64 is alive
 process          62 of          64 is alive
 process          32 of          64 is alive
 process          33 of          64 is alive
 process          34 of          64 is alive
 process          35 of          64 is alive
 process          36 of          64 is alive
 process          37 of          64 is alive
 process          38 of          64 is alive
 process          40 of          64 is alive
 process          41 of          64 is alive
 process          44 of          64 is alive
 process          45 of          64 is alive
 process          46 of          64 is alive
 process          47 of          64 is alive
 process          48 of          64 is alive
 process          49 of          64 is alive
 process          53 of          64 is alive
 process          54 of          64 is alive
 process          59 of          64 is alive
 process          60 of          64 is alive
 process          63 of          64 is alive
 process           3 of          64 is alive
 process           6 of          64 is alive
 process           7 of          64 is alive
 process           8 of          64 is alive
 process           9 of          64 is alive
 process          10 of          64 is alive
 process          12 of          64 is alive
 process          13 of          64 is alive
 process          14 of          64 is alive
 process          15 of          64 is alive
 process          17 of          64 is alive
 process          18 of          64 is alive
 process          21 of          64 is alive
 process          22 of          64 is alive
 process          23 of          64 is alive
 process          24 of          64 is alive
 process          25 of          64 is alive
 process          27 of          64 is alive
 process          28 of          64 is alive
 process          29 of          64 is alive
 process          30 of          64 is alive
 process          31 of          64 is alive
 process           1 of          64 is alive
 process           2 of          64 is alive
 process           4 of          64 is alive
 process           5 of          64 is alive
 process          11 of          64 is alive
 process          16 of          64 is alive
 process          19 of          64 is alive
 process          20 of          64 is alive
 process          26 of          64 is alive
 ========================================
        * * * I. O. P. C. * * *          
  Input Program for Parallel Occam Code  
  ver. 1.7                               
 ========================================
 
 > insert [1] for input program
 > insert [2] for output program
 > insert [3] for help
  * * * Writing Parallel Trajectory * * * 
 -----------------------------------------
 
 > Insert the number of CPU: 
 > Insert the initial steps: 
 > Insert the time step dt:
 > Insert the number of configurations:   
 > the end of insert                      
 -----------------------------------------
 > End Output Program
 ========================================
        * * * I. O. P. C. * * *          
  Input Program for Parallel Occam Code  
  ver. 1.7                               
 ========================================
 
 > insert [1] for input program
 > insert [2] for output program
 > insert [3] for help
 > Insert the total number of molecules: 
 > Insert the total number of particles: 
 > Insert the total number of molecule A: 
 > Insert the number of particles in molecule A: 
 > Insert the total number of molecule B: 
 > Insert the number of particles in molecule B: 
 > Insert the total number of molecule C: 
 > Insert the number of particles in molecule C: 
 > Insert the total number of molecule D: 
 > Insert the number of particles in molecule D: 
 > Velocity read [1] yes, [2] no: 
 > Insert the number of CPU: 
 ----------------------------------------
          16
          16
  > the number of mol. A, B, C and total in every CPU:
            proc         mol.A       mol.B       mol.C     mold.D        total 
 CPU           1           2         156           0           0         158
 CPU           2           2         156           0           0         158
 CPU           3           2         156           0           0         158
 CPU           4           2         156           0           0         158
 CPU           5           2         156           0           0         158
 CPU           6           2         156           0           0         158
 CPU           7           2         156           0           0         158
 CPU           8           2         156           0           0         158
 CPU           9           2         156           0           0         158
 CPU          10           2         156           0           0         158
 CPU          11           2         156           0           0         158
 CPU          12           2         156           0           0         158
 CPU          13           2         156           0           0         158
 CPU          14           2         156           0           0         158
 CPU          15           2         156           0           0         158
 CPU          16           2         156           0           0         158
 CPU          17           2         156           0           0         158
 CPU          18           2         156           0           0         158
 CPU          19           2         156           0           0         158
 CPU          20           2         156           0           0         158
 CPU          21           2         156           0           0         158
 CPU          22           2         156           0           0         158
 CPU          23           2         156           0           0         158
 CPU          24           2         156           0           0         158
 CPU          25           2         156           0           0         158
 CPU          26           2         156           0           0         158
 CPU          27           2         156           0           0         158
 CPU          28           2         156           0           0         158
 CPU          29           2         156           0           0         158
 CPU          30           2         156           0           0         158
 CPU          31           2         156           0           0         158
 CPU          32           2         156           0           0         158
 CPU          33           2         156           0           0         158
 CPU          34           2         156           0           0         158
 CPU          35           2         156           0           0         158
 CPU          36           2         156           0           0         158
 CPU          37           1         156           0           0         157
 CPU          38           1         156           0           0         157
 CPU          39           1         156           0           0         157
 CPU          40           1         156           0           0         157
 CPU          41           1         156           0           0         157
 CPU          42           1         156           0           0         157
 CPU          43           1         156           0           0         157
 CPU          44           1         156           0           0         157
 CPU          45           1         156           0           0         157
 CPU          46           1         156           0           0         157
 CPU          47           1         156           0           0         157
 CPU          48           1         156           0           0         157
 CPU          49           1         157           0           0         158
 CPU          50           1         157           0           0         158
 CPU          51           1         157           0           0         158
 CPU          52           1         157           0           0         158
 CPU          53           1         157           0           0         158
 CPU          54           1         157           0           0         158
 CPU          55           1         157           0           0         158
 CPU          56           1         157           0           0         158
 CPU          57           1         157           0           0         158
 CPU          58           1         157           0           0         158
 CPU          59           1         157           0           0         158
 CPU          60           1         157           0           0         158
 CPU          61           1         157           0           0         158
 CPU          62           1         157           0           0         158
 CPU          63           1         157           0           0         158
 CPU          64           1         157           0           0         158
 ---------------------------------------
 > End Input Program
 process          32 of          64 is alive
 process           1 of          64 is alive
 process          33 of          64 is alive
 process          34 of          64 is alive
 process          35 of          64 is alive
 process          36 of          64 is alive
 process          37 of          64 is alive
 process          38 of          64 is alive
 process          39 of          64 is alive
 process          40 of          64 is alive
 process          41 of          64 is alive
 process          42 of          64 is alive
 process          43 of          64 is alive
 process          44 of          64 is alive
 process          45 of          64 is alive
 process          46 of          64 is alive
 process          47 of          64 is alive
 process          48 of          64 is alive
 process          49 of          64 is alive
 process          50 of          64 is alive
 process          51 of          64 is alive
 process          52 of          64 is alive
 process          53 of          64 is alive
 process          54 of          64 is alive
 process          55 of          64 is alive
 process          56 of          64 is alive
 process          57 of          64 is alive
 process          58 of          64 is alive
 process          59 of          64 is alive
 process          60 of          64 is alive
 process          61 of          64 is alive
 process          62 of          64 is alive
 process          63 of          64 is alive
 process           2 of          64 is alive
 process           3 of          64 is alive
 process           4 of          64 is alive
 process           5 of          64 is alive
 process           7 of          64 is alive
 process           8 of          64 is alive
 process          10 of          64 is alive
 process          11 of          64 is alive
 process          12 of          64 is alive
 process          13 of          64 is alive
 process          14 of          64 is alive
 process          15 of          64 is alive
 process          16 of          64 is alive
 process          17 of          64 is alive
 process          18 of          64 is alive
 process          19 of          64 is alive
 process          20 of          64 is alive
 process          22 of          64 is alive
 process          23 of          64 is alive
 process          24 of          64 is alive
 process          25 of          64 is alive
 process          26 of          64 is alive
 process          27 of          64 is alive
 process          28 of          64 is alive
 process          29 of          64 is alive
 process          30 of          64 is alive
 process          31 of          64 is alive
 process           0 of          64 is alive
 process           6 of          64 is alive
 process           9 of          64 is alive
 process          21 of          64 is alive
 ========================================
        * * * I. O. P. C. * * *          
  Input Program for Parallel Occam Code  
  ver. 1.7                               
 ========================================
 
 > insert [1] for input program
 > insert [2] for output program
 > insert [3] for help
  * * * Writing Parallel Trajectory * * * 
 -----------------------------------------
 
 > Insert the number of CPU: 
 > Insert the initial steps: 
 > Insert the time step dt:
 > Insert the number of configurations:   
 > the end of insert                      
 -----------------------------------------
 > End Output Program

Task and CPU usage stats:
       JobID    JobName  AllocCPUS   NTasks     MinCPU MinCPUTask     AveCPU    Elapsed ExitCode 
------------ ---------- ---------- -------- ---------- ---------- ---------- ---------- -------- 
293726         JOB_NAME         64                                             00:00:18      0:0 
293726.batch      batch         32        1   00:00:00          0   00:00:00   00:00:18      0:0 
293726.exte+     extern         64        2   00:00:00          1   00:00:00   00:00:18      0:0 
293726.0     occamcgmpi         64       64   00:00:00         59   00:00:00   00:00:02      0:0 
293726.1     occamcgmpi         64       64   00:00:00         55   00:00:04   00:00:06      0:0 

Memory usage stats:
       JobID     MaxRSS MaxRSSTask     AveRSS MaxPages   MaxPagesTask   AvePages 
------------ ---------- ---------- ---------- -------- -------------- ---------- 
293726                                                                           
293726.batch       990K          0       990K        0              0          0 
293726.exte+       135K          1     87.50K        0              1          0 
293726.0         24353K         34    2474768       16             60          7 
293726.1         23690K         35    3428624        4             34          1 

Disk usage stats:
       JobID  MaxDiskRead MaxDiskReadTask    AveDiskRead MaxDiskWrite MaxDiskWriteTask   AveDiskWrite 
------------ ------------ --------------- -------------- ------------ ---------------- -------------- 
293726                                                                                                
293726.batch            0               0              0            0                0              0 
293726.exte+        0.00M               1          0.00M            0                1              0 
293726.0            0.93M               0          0.90M        0.07M                0          0.06M 
293726.1            0.93M               0          0.87M        0.09M                0          0.07M 

Job 293726 completed at Sat Apr 27 13:55:26 CEST 2019
