Starting job 69725 on c1-6 at Fri Oct 11 12:44:17 CEST 2019


The following have been reloaded with a version change:
  1) GCCcore/7.3.0 => GCCcore/8.2.0
  2) binutils/2.30-GCCcore-7.3.0 => binutils/2.31.1-GCCcore-8.2.0
  3) icc/2018.3.222-GCC-7.3.0-2.30 => icc/2019.1.144-GCC-8.2.0-2.31.1
  4) iccifort/2018.3.222-GCC-7.3.0-2.30 => iccifort/2019.1.144-GCC-8.2.0-2.31.1
  5) ifort/2018.3.222-GCC-7.3.0-2.30 => ifort/2019.1.144-GCC-8.2.0-2.31.1
  6) iimpi/2018b => iimpi/2019a
  7) imkl/2018.3.222-iimpi-2018b => imkl/2019.1.144-iimpi-2019a
  8) impi/2018.3.222-iccifort-2018.3.222-GCC-7.3.0-2.30 => impi/2018.4.274-iccifort-2019.1.144-GCC-8.2.0-2.31.1
  9) intel/2018b => intel/2019a
 10) zlib/1.2.11-GCCcore-7.3.0 => zlib/1.2.11-GCCcore-8.2.0


The following have been reloaded with a version change:
  1) GCCcore/8.2.0 => GCCcore/7.3.0
  2) binutils/2.31.1-GCCcore-8.2.0 => binutils/2.30-GCCcore-7.3.0
  3) icc/2019.1.144-GCC-8.2.0-2.31.1 => icc/2018.3.222-GCC-7.3.0-2.30
  4) iccifort/2019.1.144-GCC-8.2.0-2.31.1 => iccifort/2018.3.222-GCC-7.3.0-2.30
  5) ifort/2019.1.144-GCC-8.2.0-2.31.1 => ifort/2018.3.222-GCC-7.3.0-2.30
  6) iimpi/2019a => iimpi/2018b
  7) imkl/2019.1.144-iimpi-2019a => imkl/2018.3.222-iimpi-2018b
  8) impi/2018.4.274-iccifort-2019.1.144-GCC-8.2.0-2.31.1 => impi/2018.3.222-iccifort-2018.3.222-GCC-7.3.0-2.30
  9) intel/2019a => intel/2018b
 10) zlib/1.2.11-GCCcore-8.2.0 => zlib/1.2.11-GCCcore-7.3.0

cp: cannot stat ‘/cluster/home/sigbjobo/SCRIPTING_OCCAM_PARALLEL/test/fort.3’: No such file or directory
cp: cannot stat ‘/cluster/home/sigbjobo/SCRIPTING_OCCAM_PARALLEL/test/fort.1’: No such file or directory

Task and CPU usage stats:
       JobID    JobName  AllocCPUS   NTasks     MinCPU MinCPUTask     AveCPU    Elapsed ExitCode 
------------ ---------- ---------- -------- ---------- ---------- ---------- ---------- -------- 
69725          JOB_NAME         20                                             00:00:04      1:0 
69725.batch       batch         20        1   00:00:00          0   00:00:00   00:00:04      1:0 
69725.extern     extern         20        1   00:00:00          0   00:00:00   00:00:04      0:0 

Memory usage stats:
       JobID     MaxRSS MaxRSSTask     AveRSS MaxPages   MaxPagesTask   AvePages 
------------ ---------- ---------- ---------- -------- -------------- ---------- 
69725                                                                            
69725.batch           0          0          0        0              0          0 
69725.extern          0          0          0        0              0          0 

Disk usage stats:
       JobID  MaxDiskRead MaxDiskReadTask    AveDiskRead MaxDiskWrite MaxDiskWriteTask   AveDiskWrite 
------------ ------------ --------------- -------------- ------------ ---------------- -------------- 
69725                                                                                                 
69725.batch             0               0              0            0                0              0 
69725.extern        0.00M               0          0.00M            0                0              0 

Job 69725 completed at Fri Oct 11 12:44:22 CEST 2019
